Execute	.target.bash_output "/usr/bin/whoami" $["exit":0, "stderr":"", "stdout":"root\n"]
Return	true
Execute	.target.bash_output "/usr/bin/whoami" $["exit":0, "stderr":"", "stdout":"nobody\n"]
Return	false
