Read	.target.size "/etc/install.inf" -1
Read	.target.tmpdir "/tmp/"
Return	["EPSON"]
