Dump	[$["name":"2"], $["name":"3"], $["name":"4"]]
Dump	["1"]
Dump	[$["name":"2"], $["name":"3"], $["name":"4"]]
Dump	["1"]
