Read	.target.size "/etc/install.inf" -1
Read	.target.tmpdir "/tmp/"
Read	.target.tmpdir "/tmp/"
Execute	.target.bash "/usr/lib/YaST2/bin/version" 0
Read	.sysconfig.language.RC_LANG ""
Read	.sysconfig.language.DEFAULT_LANGUAGE ""
Read	.target.yast2 "lang2iso.ycp" nil
Read	.target.size "/etc/sysconfig/language" -1
Read	.sysconfig.console.CONSOLE_FONT ""
Read	.sysconfig.console.CONSOLE_SCREENMAP ""
Read	.sysconfig.console.CONSOLE_UNICODEMAP ""
Read	.sysconfig.console.CONSOLE_MAGIC ""
Read	.sysconfig.console.CONSOLE_ENCODING ""
Read	.probe.architecture "i386"
Read	.probe.has_apm true
Read	.probe.has_pcmcia false
Read	.probe.has_smp false
Read	.probe.system []
Dump	========================================
Return	queue1
Return	normal
Return	normal3
Return	queue1
Return	normal2
Return	normal
Dump	========================================
Read	.ppd.db.vendorname "EPSON" "EPSON"
Read	.ppd.db.modelname ["EPSON", "Stylus Photo 810"] "STYLUSPHOTO810"
Execute	.target.bash "/usr/bin/touch /usr/share/YaST2/data/printer/ppd_preference_list" 0
Read	.target.ycp "/usr/share/YaST2/data/printer/ppd_preference_list" $["__default__":[".*hpijs.*", ".*gimp.*", ".*escp.*", ".*upp.*", ".*cdj[0-9].*", ".*pcl3.*"]]
Execute	.target.bash "/bin/grep '#this database was generated during package building' /var/lib/YaST2/ppd_db.ycp" 0
Read	.ppd.db.changed false
Read	.target.ycp "/var/lib/YaST2/ppd_db.ycp" $["__default__":[".*hpijs.*", ".*gimp.*", ".*escp.*", ".*upp.*", ".*cdj[0-9].*", ".*pcl3.*"]]
Return	["P1 (recommended)", "P2"]
Read	.ppd.db.vendorname "EPSON" "EPSON"
Read	.ppd.db.modelname ["EPSON", "Stylus Photo 810"] "STYLUSPHOTO810"
Execute	.target.bash "/usr/bin/touch /usr/share/YaST2/data/printer/ppd_preference_list" 0
Read	.target.ycp "/usr/share/YaST2/data/printer/ppd_preference_list" $["__default__":[".*hpijs.*", ".*gimp.*", ".*escp.*", ".*upp.*", ".*cdj[0-9].*", ".*pcl3.*"]]
Return	["P1", "P2"]
Read	.ppd.db.vendorname "EPSON" "EPSON"
Read	.ppd.db.modelname ["EPSON", "Stylus Photo 810"] "STYLUSPHOTO810"
Execute	.target.bash "/usr/bin/touch /usr/share/YaST2/data/printer/ppd_preference_list" 0
Read	.target.ycp "/usr/share/YaST2/data/printer/ppd_preference_list" $["__default__":[".*hpijs.*", ".*gimp.*", ".*escp.*", ".*upp.*", ".*cdj[0-9].*", ".*pcl3.*"]]
Return	["P2 (recommended)", "P1"]
Dump	========================================
Read	.ppd.db.vendorname "EPSON" "EPSON"
Read	.ppd.db.modelname ["EPSON", "Stylus Photo 810"] "STYLUSPHOTO810"
Execute	.target.bash "/usr/bin/touch /usr/share/YaST2/data/printer/ppd_preference_list" 0
Read	.target.ycp "/usr/share/YaST2/data/printer/ppd_preference_list" $["__default__":[".*hpijs.*", ".*gimp.*", ".*escp.*", ".*upp.*", ".*cdj[0-9].*", ".*pcl3.*"]]
Return	["YYhpijsYY", "XXgimpXX", "QQcdj3QQ", "ZZpcl3ZZ"]
Read	.ppd.db.vendorname "EPSON" "EPSON"
Read	.ppd.db.modelname ["EPSON", "Stylus Photo 810"] "STYLUSPHOTO810"
Execute	.target.bash "/usr/bin/touch /usr/share/YaST2/data/printer/ppd_preference_list" 0
Read	.target.ycp "/usr/share/YaST2/data/printer/ppd_preference_list" $["__default__":[".*hpijs.*", ".*gimp.*", ".*escp.*", ".*upp.*", ".*cdj[0-9].*", ".*pcl3.*"]]
Return	["ZZpcl3ZZ (recommended)", "YYhpijsYY", "XXgimpXX", "QQcdj3QQ"]
Read	.ppd.db.vendorname "EPSON" "EPSON"
Read	.ppd.db.modelname ["EPSON", "Stylus Photo 810"] "STYLUSPHOTO810"
Execute	.target.bash "/usr/bin/touch /usr/share/YaST2/data/printer/ppd_preference_list" 0
Read	.target.ycp "/usr/share/YaST2/data/printer/ppd_preference_list" $["__default__":[".*hpijs.*", ".*gimp.*", ".*escp.*", ".*upp.*", ".*cdj[0-9].*", ".*pcl3.*"]]
Return	["YYhpijsYY (recommended)", "QQcdj3QQ  (recommended)", "XXgimpXX", "ZZpcl3ZZ"]
Read	.ppd.db.vendorname "EPSON" "EPSON"
Read	.ppd.db.modelname ["EPSON", "Stylus Photo 810"] "STYLUSPHOTO810"
Execute	.target.bash "/usr/bin/touch /usr/share/YaST2/data/printer/ppd_preference_list" 0
Read	.target.ycp "/usr/share/YaST2/data/printer/ppd_preference_list" $["__default__":[".*hpijs.*", ".*gimp.*", ".*escp.*", ".*upp.*", ".*cdj[0-9].*", ".*pcl3.*"]]
Return	["YYhpijsYY (recommended)", "XXgimpXX (recommended)", "QQcdj3QQ (recommended)", "ZZpcl3ZZ (recommended)"]
Dump	========================================
Read	.ppd.db.vendorname "EPSON" "EPSON"
Read	.ppd.db.modelname ["EPSON", "Stylus Photo 810"] "STYLUSPHOTO810"
Execute	.target.bash "/usr/bin/touch /usr/share/YaST2/data/printer/ppd_preference_list" 0
Read	.target.ycp "/usr/share/YaST2/data/printer/ppd_preference_list" $["__default__":[".*hpijs.*", ".*gimp.*", ".*escp.*", ".*upp.*", ".*cdj[0-9].*", ".*pcl3.*"]]
Return	P1 (recommended)
Read	.ppd.db.vendorname "EPSON" "EPSON"
Read	.ppd.db.modelname ["EPSON", "Stylus Photo 810"] "STYLUSPHOTO810"
Execute	.target.bash "/usr/bin/touch /usr/share/YaST2/data/printer/ppd_preference_list" 0
Read	.target.ycp "/usr/share/YaST2/data/printer/ppd_preference_list" $["__default__":[".*hpijs.*", ".*gimp.*", ".*escp.*", ".*upp.*", ".*cdj[0-9].*", ".*pcl3.*"]]
Return	P1
Read	.ppd.db.vendorname "EPSON" "EPSON"
Read	.ppd.db.modelname ["EPSON", "Stylus Photo 810"] "STYLUSPHOTO810"
Execute	.target.bash "/usr/bin/touch /usr/share/YaST2/data/printer/ppd_preference_list" 0
Read	.target.ycp "/usr/share/YaST2/data/printer/ppd_preference_list" $["__default__":[".*hpijs.*", ".*gimp.*", ".*escp.*", ".*upp.*", ".*cdj[0-9].*", ".*pcl3.*"]]
Return	P2 (recommended)
Dump	========================================
Read	.ppd.db.vendorname "EPSON" "EPSON"
Read	.ppd.db.modelname ["EPSON", "Stylus Photo 810"] "STYLUSPHOTO810"
Execute	.target.bash "/usr/bin/touch /usr/share/YaST2/data/printer/ppd_preference_list" 0
Read	.target.ycp "/usr/share/YaST2/data/printer/ppd_preference_list" $["__default__":[".*hpijs.*", ".*gimp.*", ".*escp.*", ".*upp.*", ".*cdj[0-9].*", ".*pcl3.*"]]
Return	YYhpijsYY
Read	.ppd.db.vendorname "EPSON" "EPSON"
Read	.ppd.db.modelname ["EPSON", "Stylus Photo 810"] "STYLUSPHOTO810"
Execute	.target.bash "/usr/bin/touch /usr/share/YaST2/data/printer/ppd_preference_list" 0
Read	.target.ycp "/usr/share/YaST2/data/printer/ppd_preference_list" $["__default__":[".*hpijs.*", ".*gimp.*", ".*escp.*", ".*upp.*", ".*cdj[0-9].*", ".*pcl3.*"]]
Return	ZZpcl3ZZ (recommended)
Read	.ppd.db.vendorname "EPSON" "EPSON"
Read	.ppd.db.modelname ["EPSON", "Stylus Photo 810"] "STYLUSPHOTO810"
Execute	.target.bash "/usr/bin/touch /usr/share/YaST2/data/printer/ppd_preference_list" 0
Read	.target.ycp "/usr/share/YaST2/data/printer/ppd_preference_list" $["__default__":[".*hpijs.*", ".*gimp.*", ".*escp.*", ".*upp.*", ".*cdj[0-9].*", ".*pcl3.*"]]
Return	YYhpijsYY (recommended)
Read	.ppd.db.vendorname "EPSON" "EPSON"
Read	.ppd.db.modelname ["EPSON", "Stylus Photo 810"] "STYLUSPHOTO810"
Execute	.target.bash "/usr/bin/touch /usr/share/YaST2/data/printer/ppd_preference_list" 0
Read	.target.ycp "/usr/share/YaST2/data/printer/ppd_preference_list" $["__default__":[".*hpijs.*", ".*gimp.*", ".*escp.*", ".*upp.*", ".*cdj[0-9].*", ".*pcl3.*"]]
Return	YYhpijsYY (recommended)
Dump	========================================
