Dump	fall-back
Dump	fall-back
Dump	fall-back
Dump	/dev/usb/lp?vendor=0001&prod_id=0001
Dump	/dev/usb/lp?vendor=0001&prod_id=0001
Dump	/dev/usb/lp?vendor=0001&prod_id=0001
