Read	.target.size "/etc/install.inf" -1
Read	.target.tmpdir "/tmp/"
Execute	.target.bash "/usr/bin/locale -k LC_PAPER | /usr/bin/grep width=210" 1
Return	`letter
