Read	.probe.architecture "i386"
Read	.probe.has_apm true
Read	.probe.has_pcmcia false
Read	.probe.is_uml false
Read	.probe.has_smp false
Read	.probe.system []
Read	.target.size "/etc/install.inf" -1
Read	.target.tmpdir "/tmp/"
Read	.sysconfig.console.CONSOLE_ENCODING ""
Execute	.target.bash_output "locale -k charmap" $[]
Read	.target.tmpdir "/tmp/YaST2-XXXX"
Write	.target.string "/tmp/YaST2-XXXX/options1.upp" "string1" true
Write	.target.string "/tmp/YaST2-XXXX/options2.upp" "string2" true
Execute	.target.bash "/usr/bin/diff -w -B /tmp/YaST2-XXXX/options1.upp /tmp/YaST2-XXXX/options2.upp" 0
Execute	.target.bash "/bin/rm /tmp/YaST2-XXXX/options1.upp /tmp/YaST2-XXXX/options2.upp" 0
Return	true
Read	.target.tmpdir "/tmp/YaST2-XXXX"
Write	.target.string "/tmp/YaST2-XXXX/options1.upp" "string1" true
Write	.target.string "/tmp/YaST2-XXXX/options2.upp" "string2" true
Execute	.target.bash "/usr/bin/diff -w -B /tmp/YaST2-XXXX/options1.upp /tmp/YaST2-XXXX/options2.upp" 1
Execute	.target.bash "/bin/rm /tmp/YaST2-XXXX/options1.upp /tmp/YaST2-XXXX/options2.upp" 1
Return	false
