Read	.target.tmpdir "/tmp/dir"
Read	.target.stat "/usr/share/YaST2/data/printer/ul_testpg.ps" $[]
Execute	.target.bash "/bin/awk -v SKIPPICTURE=\"false\" '\n      BEGIN { COPY = 1 }\n      /^----X-VENDOR:/\t\t{ $1 = \"\"; ARRAY[\"vendor\"] = $0; \tnext;\t}\n      /^----X-QUEUE-L:/\t\t{ $1 = \"\"; ARRAY[\"queue\"] = $0; \tnext;\t}\n      /^----X-PRINTER-L:/ \t{ $1 = \"\"; ARRAY[\"printer\"] = $0; \tnext;\t}\n      /^----X-CONFIG-L:/ \t{ $1 = \"\"; ARRAY[\"configl\"] = $0;\tnext;\t}\n      /^----X-PPD-L:/\t \t{ $1 = \"\"; ARRAY[\"ppdl\"] = $0;\tnext;\t}\n      /^----X-OPTION-L:/ \t{ $1 = \"\"; ARRAY[\"option\"] = $0; \tnext;\t}\n      /^----X-HEAD:/ \t\t{ $1 = \"\"; ARRAY[\"head\"] = $0;\tnext;\t}\n      /^----X-ENCODING:/ \t{ $1 = \"\"; ARRAY[\"encoding\"] = $0;\tnext;\t}\n      /^----X-CONFIG:/ \t\t{ $1 = \"\"; ARRAY[\"config\"] = $0; \tnext;\t}\n      /^----X-PPD:/ \t\t{ $1 = \"\"; ARRAY[\"ppd\"] = $0; \tnext;\t}\n \n      // { if (FILENAME !~ /suse_testpg.ps$/ && FILENAME !~ /ul_testpg.ps$/)\n      \t\tnext;\n      }\n      /~~BEGIN~~OPTIONAL~~PICTURE~~/ { COPY=0 }\n      /~~END~~OPTIONAL~~PICTURE~~/   { COPY=1 }\n      COPY == 0 && SKIPPICTURE == \"true\"   { next } \n\n      /~~QUEUE~~/ { sub (/~~QUEUE~~/, \"lp\", $0); print $0; next; }\n      /~~MODEL~~/ {\n      \t\tif (length (ARRAY[\"vendor\"]) > 0)\tprint ARRAY[\"vendor\"];\n\t\telse\t\t\t\t\tprint $0;\n\t\tnext;\n      }\n      /~~QUEUE~L~~/ {\n      \t\tif (length (ARRAY[\"queue\"]) > 0)\tprint ARRAY[\"queue\"];\n\t\telse\t\t\t\t\tprint $0;\n\t\tnext;\n      }\n      /~~PRINTER~L~~/ {\n      \t\tif (length (ARRAY[\"printer\"]) > 0)\tprint ARRAY[\"printer\"];\n\t\telse\t\t\t\t\tprint $0;\n\t\tnext;\n      }\n      /~~CONFIG~L~~/ {\n      \t\tif (length (ARRAY[\"configl\"]) > 0)\tprint ARRAY[\"configl\"];\n\t\telse\t\t\t\t\tprint $0;\n\t\tnext;\n      }\n      /~~PPD~L~~/ {\n      \t\tif (length (ARRAY[\"ppdl\"]) > 0)\tprint ARRAY[\"ppdl\"];\n\t\telse\t\t\t\t\tprint $0;\n\t\tnext;\n      }\n      /~~OPTIONS~L~~/ {\n      \t\tif (length (ARRAY[\"option\"]) > 0)\tprint ARRAY[\"option\"];\n\t\telse\t\t\t\t\tprint $0;\n\t\tnext;\n      }\n      /~~Y2TP~L~~/ {\n      \t\tif (length (ARRAY[\"head\"]) > 0)\tprint ARRAY[\"head\"];\n\t\telse\t\t\t\t\tprint $0;\n\t\tnext;\n      }\n      /~~CHANGE~ENCODING~~/ {\n      \t\tif (length (ARRAY[\"encoding\"]) > 0)\tprint ARRAY[\"encoding\"];\n\t\telse\t\t\t\t\tprint $0;\n\t\tnext;\n      }\n      /~~CONFIG~~/ {\n      \t\tif (length (ARRAY[\"config\"]) > 0)\tprint ARRAY[\"config\"];\n\t\telse\t\t\t\t\tprint $0;\n\t\tnext;\n      }\n      /~~PPD~~/ {\n      \t\tif (length (ARRAY[\"ppd\"]) > 0)\tprint ARRAY[\"ppd\"];\n\t\telse\t\t\t\t\tprint $0;\n\t\tnext;\n      }\n      /~~~PASTE~OPTIONS~HERE~~~/ {\n          system (\"/usr/bin/grep -v -e ^----X- /tmp/file\");\n          next;\n      }\n      { print $0; }\n' /tmp/file /usr/share/YaST2/data/printer/suse_testpg.ps > /tmp/dir/testpg.ps" 0
Return	/tmp/dir/testpg.ps
Read	.target.tmpdir "/tmp/dir"
Read	.target.stat "/usr/share/YaST2/data/printer/ul_testpg.ps" $[]
Execute	.target.bash "/bin/awk -v SKIPPICTURE=\"true\" '\n      BEGIN { COPY = 1 }\n      /^----X-VENDOR:/\t\t{ $1 = \"\"; ARRAY[\"vendor\"] = $0; \tnext;\t}\n      /^----X-QUEUE-L:/\t\t{ $1 = \"\"; ARRAY[\"queue\"] = $0; \tnext;\t}\n      /^----X-PRINTER-L:/ \t{ $1 = \"\"; ARRAY[\"printer\"] = $0; \tnext;\t}\n      /^----X-CONFIG-L:/ \t{ $1 = \"\"; ARRAY[\"configl\"] = $0;\tnext;\t}\n      /^----X-PPD-L:/\t \t{ $1 = \"\"; ARRAY[\"ppdl\"] = $0;\tnext;\t}\n      /^----X-OPTION-L:/ \t{ $1 = \"\"; ARRAY[\"option\"] = $0; \tnext;\t}\n      /^----X-HEAD:/ \t\t{ $1 = \"\"; ARRAY[\"head\"] = $0;\tnext;\t}\n      /^----X-ENCODING:/ \t{ $1 = \"\"; ARRAY[\"encoding\"] = $0;\tnext;\t}\n      /^----X-CONFIG:/ \t\t{ $1 = \"\"; ARRAY[\"config\"] = $0; \tnext;\t}\n      /^----X-PPD:/ \t\t{ $1 = \"\"; ARRAY[\"ppd\"] = $0; \tnext;\t}\n \n      // { if (FILENAME !~ /suse_testpg.ps$/ && FILENAME !~ /ul_testpg.ps$/)\n      \t\tnext;\n      }\n      /~~BEGIN~~OPTIONAL~~PICTURE~~/ { COPY=0 }\n      /~~END~~OPTIONAL~~PICTURE~~/   { COPY=1 }\n      COPY == 0 && SKIPPICTURE == \"true\"   { next } \n\n      /~~QUEUE~~/ { sub (/~~QUEUE~~/, \"xxx\", $0); print $0; next; }\n      /~~MODEL~~/ {\n      \t\tif (length (ARRAY[\"vendor\"]) > 0)\tprint ARRAY[\"vendor\"];\n\t\telse\t\t\t\t\tprint $0;\n\t\tnext;\n      }\n      /~~QUEUE~L~~/ {\n      \t\tif (length (ARRAY[\"queue\"]) > 0)\tprint ARRAY[\"queue\"];\n\t\telse\t\t\t\t\tprint $0;\n\t\tnext;\n      }\n      /~~PRINTER~L~~/ {\n      \t\tif (length (ARRAY[\"printer\"]) > 0)\tprint ARRAY[\"printer\"];\n\t\telse\t\t\t\t\tprint $0;\n\t\tnext;\n      }\n      /~~CONFIG~L~~/ {\n      \t\tif (length (ARRAY[\"configl\"]) > 0)\tprint ARRAY[\"configl\"];\n\t\telse\t\t\t\t\tprint $0;\n\t\tnext;\n      }\n      /~~PPD~L~~/ {\n      \t\tif (length (ARRAY[\"ppdl\"]) > 0)\tprint ARRAY[\"ppdl\"];\n\t\telse\t\t\t\t\tprint $0;\n\t\tnext;\n      }\n      /~~OPTIONS~L~~/ {\n      \t\tif (length (ARRAY[\"option\"]) > 0)\tprint ARRAY[\"option\"];\n\t\telse\t\t\t\t\tprint $0;\n\t\tnext;\n      }\n      /~~Y2TP~L~~/ {\n      \t\tif (length (ARRAY[\"head\"]) > 0)\tprint ARRAY[\"head\"];\n\t\telse\t\t\t\t\tprint $0;\n\t\tnext;\n      }\n      /~~CHANGE~ENCODING~~/ {\n      \t\tif (length (ARRAY[\"encoding\"]) > 0)\tprint ARRAY[\"encoding\"];\n\t\telse\t\t\t\t\tprint $0;\n\t\tnext;\n      }\n      /~~CONFIG~~/ {\n      \t\tif (length (ARRAY[\"config\"]) > 0)\tprint ARRAY[\"config\"];\n\t\telse\t\t\t\t\tprint $0;\n\t\tnext;\n      }\n      /~~PPD~~/ {\n      \t\tif (length (ARRAY[\"ppd\"]) > 0)\tprint ARRAY[\"ppd\"];\n\t\telse\t\t\t\t\tprint $0;\n\t\tnext;\n      }\n      /~~~PASTE~OPTIONS~HERE~~~/ {\n          system (\"/usr/bin/grep -v -e ^----X- /tmp/file\");\n          next;\n      }\n      { print $0; }\n' /tmp/file /usr/share/YaST2/data/printer/suse_testpg.ps > /tmp/dir/testpg.ps" 0
Return	/tmp/dir/testpg.ps
