Read	.target.size "/etc/install.inf" -1
Read	.probe.architecture "i386"
Read	.probe.has_apm true
Read	.probe.has_pcmcia false
Read	.probe.has_smp false
Read	.probe.system []
Read	.target.tmpdir "/tmp/"
Read	.target.tmpdir "/tmp/dir"
Execute	.target.bash "/bin/cat /usr/share/YaST2/data/printer/testpg.ascii | /bin/sed -e \"s/~common~explanation~//\" -e \"s/~special~text~//\" > /tmp/dir/testpg.ascii" 0
Return	/tmp/dir/testpg.ascii
