Read	.target.size "/etc/install.inf" -1
Read	.target.tmpdir "/tmp/"
Read	.target.tmpdir "/tmp/"
Execute	.target.bash "/usr/lib/YaST2/bin/version" 0
Read	.sysconfig.language.RC_LANG ""
Read	.sysconfig.language.DEFAULT_LANGUAGE ""
Read	.target.yast2 "lang2iso.ycp" nil
Read	.target.size "/etc/sysconfig/language" -1
Read	.sysconfig.console.CONSOLE_FONT ""
Read	.sysconfig.console.CONSOLE_SCREENMAP ""
Read	.sysconfig.console.CONSOLE_UNICODEMAP ""
Read	.sysconfig.console.CONSOLE_MAGIC ""
Read	.sysconfig.console.CONSOLE_ENCODING ""
Read	.sysconfig.language.RC_LANG ""
Read	.probe.architecture "i386"
Read	.probe.has_apm true
Read	.probe.has_pcmcia false
Read	.probe.has_smp false
Read	.probe.system []
Return	[$["config":"Epson Stylus Photo 810, Foomatic + gimp-print", "device_db":"STYLUSPHOTO810", "device_id":0, "device_ieee":"Stylus Photo 810", "name":"draft", "unique_key":"ffnC.s5K9xZzhQb4", "uri":"parallel:/dev/lp0", "vendor_db":"EPSON", "vendor_id":0, "vendor_ieee":"EPSON"]]
Dump	=============
Return	[$["config":"Epson Stylus Photo 810, Foomatic + gimp-print", "device_db":"STYLUSPHOTO810", "device_id":0, "device_ieee":"Stylus Photo 810", "name":"draft", "unique_key":"ffnC.s5K9xZzhQb4", "uri":"parallel:/dev/lp0", "vendor_db":"EPSON", "vendor_id":0, "vendor_ieee":"EPSON"], $["config":"Epson Stylus Photo 810, Foomatic + gimp-print", "device_db":"STYLUSPHOTO810", "device_id":0, "device_ieee":"Stylus Photo 810", "name":"draft_gray", "unique_key":"ffnC.s5K9xZzhQb4", "uri":"parallel:/dev/lp0", "vendor_db":"EPSON", "vendor_id":0, "vendor_ieee":"EPSON"], $["config":"Epson Stylus Photo 810, Foomatic + gimp-print", "device_db":"STYLUSPHOTO810", "device_id":0, "device_ieee":"Stylus Photo 810", "name":"draft", "unique_key":"1ffnC.s5K9xZzhQb4", "uri":"parallel:/dev/lp0", "vendor_db":"EPSON", "vendor_id":0, "vendor_ieee":"EPSON"], $["config":"Epson Stylus Photo 810, Foomatic + gimp-print", "device_db":"STYLUSPHOTO810", "device_id":0, "device_ieee":"Stylus Photo 810", "name":"draft_gray", "unique_key":"1ffnC.s5K9xZzhQb4", "uri":"parallel:/dev/lp0", "vendor_db":"EPSON", "vendor_id":0, "vendor_ieee":"EPSON"]]
Dump	===
Return	[$["config":"Epson Stylus Photo 810, Foomatic + gimp-print", "device_db":"STYLUSPHOTO810", "device_id":0, "device_ieee":"Stylus Photo 810", "name":"draft", "unique_key":"ffnC.s5K9xZzhQb4", "uri":"parallel:/dev/lp0", "vendor_db":"EPSON", "vendor_id":0, "vendor_ieee":"EPSON"], $["config":"Epson Stylus Photo 810, Foomatic + gimp-print", "device_db":"STYLUSPHOTO810", "device_id":0, "device_ieee":"Stylus Photo 810", "name":"draft_gray", "unique_key":"ffnC.s5K9xZzhQb4", "uri":"parallel:/dev/lp0", "vendor_db":"EPSON", "vendor_id":0, "vendor_ieee":"EPSON"], $["config":"Epson Stylus Photo 810, Foomatic + gimp-print", "device_db":"STYLUSPHOTO810", "device_id":0, "device_ieee":"Stylus Photo 810", "name":"draft", "unique_key":"1ffnC.s5K9xZzhQb4", "uri":"parallel:/dev/lp0", "vendor_db":"EPSON", "vendor_id":0, "vendor_ieee":"EPSON"], $["config":"Epson Stylus Photo 810, Foomatic + gimp-print", "device_db":"STYLUSPHOTO810", "device_id":0, "device_ieee":"Stylus Photo 810", "name":"draft_gray", "unique_key":"1ffnC.s5K9xZzhQb4", "uri":"parallel:/dev/lp0", "vendor_db":"EPSON", "vendor_id":0, "vendor_ieee":"EPSON"]]
Dump	===
Return	[]
Dump	=============
Return	true
Dump	===
Return	false
Dump	===
Return	false
Dump	===
Return	false
Dump	===
Return	true
Dump	==========================================
Return	[$["config":"Epson Stylus Photo 810, Foomatic + gimp-print", "device_db":"STYLUSPHOTO810", "device_id":0, "device_ieee":"Stylus Photo 810", "name":"draft", "unique_key":"ffnC.s5K9xZzhQb4", "uri":"parallel:/dev/lp0", "vendor_db":"EPSON", "vendor_id":0, "vendor_ieee":"EPSON"], $["config":"Epson Stylus Photo 820, Foomatic + gimp-print", "device_db":"STYLUSPHOTO820", "device_id":0, "device_ieee":"Stylus Photo 820", "name":"draft", "uri":"parallel:/dev/lp0", "vendor_db":"EPSON", "vendor_id":0, "vendor_ieee":"EPSON"]]
Dump	=============
Return	[$["config":"Epson Stylus Photo 810, Foomatic + gimp-print", "device_db":"STYLUSPHOTO810", "device_id":0, "device_ieee":"Stylus Photo 810", "name":"draft", "unique_key":"ffnC.s5K9xZzhQb4", "uri":"parallel:/dev/lp0", "vendor_db":"EPSON", "vendor_id":0, "vendor_ieee":"EPSON"], $["config":"Epson Stylus Photo 810, Foomatic + gimp-print", "device_db":"STYLUSPHOTO810", "device_id":0, "device_ieee":"Stylus Photo 810", "name":"draft_gray", "unique_key":"ffnC.s5K9xZzhQb4", "uri":"parallel:/dev/lp0", "vendor_db":"EPSON", "vendor_id":0, "vendor_ieee":"EPSON"], $["config":"Epson Stylus Photo 810, Foomatic + gimp-print", "device_db":"STYLUSPHOTO810", "device_id":0, "device_ieee":"Stylus Photo 810", "name":"draft", "unique_key":"1ffnC.s5K9xZzhQb4", "uri":"parallel:/dev/lp0", "vendor_db":"EPSON", "vendor_id":0, "vendor_ieee":"EPSON"], $["config":"Epson Stylus Photo 810, Foomatic + gimp-print", "device_db":"STYLUSPHOTO810", "device_id":0, "device_ieee":"Stylus Photo 810", "name":"draft_gray", "unique_key":"1ffnC.s5K9xZzhQb4", "uri":"parallel:/dev/lp0", "vendor_db":"EPSON", "vendor_id":0, "vendor_ieee":"EPSON"]]
Dump	===
Return	[$["config":"Epson Stylus Photo 810, Foomatic + gimp-print", "device_db":"STYLUSPHOTO810", "device_id":0, "device_ieee":"Stylus Photo 810", "name":"draft", "unique_key":"ffnC.s5K9xZzhQb4", "uri":"parallel:/dev/lp0", "vendor_db":"EPSON", "vendor_id":0, "vendor_ieee":"EPSON"], $["config":"Epson Stylus Photo 810, Foomatic + gimp-print", "device_db":"STYLUSPHOTO810", "device_id":0, "device_ieee":"Stylus Photo 810", "name":"draft_gray", "unique_key":"ffnC.s5K9xZzhQb4", "uri":"parallel:/dev/lp0", "vendor_db":"EPSON", "vendor_id":0, "vendor_ieee":"EPSON"], $["config":"Epson Stylus Photo 810, Foomatic + gimp-print", "device_db":"STYLUSPHOTO810", "device_id":0, "device_ieee":"Stylus Photo 810", "name":"draft", "unique_key":"1ffnC.s5K9xZzhQb4", "uri":"parallel:/dev/lp0", "vendor_db":"EPSON", "vendor_id":0, "vendor_ieee":"EPSON"], $["config":"Epson Stylus Photo 810, Foomatic + gimp-print", "device_db":"STYLUSPHOTO810", "device_id":0, "device_ieee":"Stylus Photo 810", "name":"draft_gray", "unique_key":"1ffnC.s5K9xZzhQb4", "uri":"parallel:/dev/lp0", "vendor_db":"EPSON", "vendor_id":0, "vendor_ieee":"EPSON"]]
Dump	===
Return	[$["config":"Epson Stylus Photo 820, Foomatic + gimp-print", "device_db":"STYLUSPHOTO820", "device_id":0, "device_ieee":"Stylus Photo 820", "name":"draft", "uri":"parallel:/dev/lp0", "vendor_db":"EPSON", "vendor_id":0, "vendor_ieee":"EPSON"]]
Dump	=============
Return	true
Dump	===
Return	false
Dump	===
Return	false
Dump	===
Return	false
Dump	===
Return	false
Dump	==========================================
