Return	nil
Dump	[$["cups-state":"void", "lprng-state":"void", "name":"lp", "uri":"parallel:/dev/lp0"]]
Dump	lp
Return	nil
Dump	[$["cups-state":"changed", "database":"foomatic", "lprng-state":"changed", "name":"zzz", "uri":"lpd://unknown.suse.de/lp_rem"]]
Dump	zzz
Read	.target.dir "/usr/lib/cups/backend" []
Return	nil
Dump	[$["cups-state":"changed", "database":"foomatic", "lprng-state":"changed", "name":"zzz", "uri":"lpd://unknown.suse.de/lp_rem"], $["cups-state":"void", "database":"foomatic", "lprng-state":"void", "name":"lp", "uri":"filtering://localhost/zzz"]]
Dump	lp
Return	nil
Dump	[$["cups-state":"changed", "database":"foomatic", "lprng-state":"changed", "name":"zzz", "uri":"lpd://known.suse.de/lp"], $["cups-state":"void", "database":"foomatic", "lprng-state":"void", "name":"lp", "uri":"filtering://localhost/zzz"]]
Dump	zzz
