Read	.target.size "/etc/install.inf" -1
Read	.target.tmpdir "/tmp/"
Read	.target.tmpdir "/tmp/"
Execute	.target.bash "/usr/lib/YaST2/bin/version" 0
Read	.sysconfig.language.RC_LANG ""
Read	.sysconfig.language.DEFAULT_LANGUAGE ""
Read	.target.yast2 "lang2iso.ycp" nil
Read	.target.size "/etc/sysconfig/language" -1
Read	.sysconfig.console.CONSOLE_FONT ""
Read	.sysconfig.console.CONSOLE_SCREENMAP ""
Read	.sysconfig.console.CONSOLE_UNICODEMAP ""
Read	.sysconfig.console.CONSOLE_MAGIC ""
Read	.sysconfig.console.CONSOLE_ENCODING ""
Read	.sysconfig.language.RC_LANG ""
Execute	.target.bash_output "locale -k charmap" $[]
Read	.probe.architecture "i386"
Read	.probe.has_apm true
Read	.probe.has_pcmcia false
Read	.probe.has_smp false
Read	.probe.system []
Read	.target.size "" 0
Read	.ppd.file.isppd "" false
Read	.target.size "" 0
Read	.ppd.file.isppd "" false
Return	<ul><li><p>Canon BJC-6100: Parallel printer on /dev/lp0<br>Configured as lp, color.</p></li><li><p>Epson Stylus: USB printer on /dev/usb/lp1<br>Not configured yet.</p></li><li><p>epson generic-gdi: USB printer on /dev/usb/lp1<br>Configured as hand.</p></li><li><p>hewlett-packard hp-laserjet-4: USB printer on /dev/usb/lp0<br>Configured as mono.</p></li></ul>
