Read	.target.size "/etc/install.inf" -1
Read	.sysconfig.console.CONSOLE_ENCODING ""
Execute	.target.bash_output "locale -k charmap" $[]
Read	.probe.architecture "i386"
Read	.probe.has_apm true
Read	.probe.has_pcmcia false
Read	.probe.has_smp false
Read	.probe.system []
Read	.target.tmpdir "/tmp/"
Return	abcdefghijklmnopqrstuvwxyz0123456789_+
Return	
Return	textwithunallowedcharacters/
