Dump	
Dump	
Dump	parallel
Dump	samba
Dump	
Dump	
Dump	/dev/null
Dump	/user:pass@x.y.z/printer
Dump	/dev/ttyS0
Dump	lp
Dump	printer/lp
Dump	lp
Dump	lpz
Dump	9600
Dump	96000
Dump	0
Dump	gorgon
Dump	cups.suse.de
Dump	gorgon
Dump	gorgon
Dump	hp4100dn.suse.de
Dump	hp4100dn.suse.de
Dump	hp4100dn.suse.de
Dump	["user", "pass"]
Dump	["user", ""]
Dump	["", ""]
Log	Dump	
Log	Dump	15
Log	Dump	15
Log	Dump	15
Log	Dump	15
Log	Dump	a a a
Log	Dump	15
Log	Dump	9100
Log	Dump	666
Log	Dump	0
Log	Dump	0
Log	Dump	/dev/ttyS0
Log	Dump	9600
Log	Dump	ixon -imaxbel -ixany -ixoff
