Dump	========================================
Return	queue1
Return	normal
Return	normal3
Return	queue1
Return	normal2
Return	normal
Dump	========================================
