Execute	.target.bash "/usr/bin/locale -k LC_PAPER | /usr/bin/grep width=210" 0
Return	`a4
