Read	.target.tmpdir "/tmp/dir"
Execute	.target.bash "/usr/lib/YaST2/bin/prepare_ps_testpage.pl /tmp/file /tmp/dir/testpg.ps /usr/share/YaST2/theme/current/testpage/logo.eps " 0
Return	/tmp/dir/testpg.ps
Read	.target.tmpdir "/tmp/dir"
Execute	.target.bash "/usr/lib/YaST2/bin/prepare_ps_testpage.pl /tmp/file /tmp/dir/testpg.ps /usr/share/YaST2/theme/current/testpage/logo.eps /usr/share/YaST2/theme/current/testpage/photo.eps" 0
Return	/tmp/dir/testpg.ps
